DEBUG {548cf2f000} Debug log message using DiskLane:  0
INFO {548cf2f000} Info log message using DiskLane:  0
DEBUG {548cf2f000} Debug log message using DiskLane:  1
INFO {548cf2f000} Info log message using DiskLane:  1
DEBUG {548cf2f000} Debug log message using DiskLane:  2
INFO {548cf2f000} Info log message using DiskLane:  2
DEBUG {548cf2f000} Debug log message using DiskLane:  3
INFO {548cf2f000} Info log message using DiskLane:  3
DEBUG {548cf2f000} Debug log message using DiskLane:  4
INFO {548cf2f000} Info log message using DiskLane:  4
DEBUG {548cf2f000} Debug log message using DiskLane:  5
INFO {548cf2f000} Info log message using DiskLane:  5
